[bsmap] @Fri Jul 19 15:14:59 2019 	loading reference file: /data/jin/resource/genome/fasta/hg38/hg38.fa.gz 	(format: gzipped FASTA)
[bsmap] @Fri Jul 19 15:15:32 2019 	455 reference seqs loaded, total size 3209286105 bp. 33 secs passed
[bsmap] @Fri Jul 19 15:17:10 2019 	create seed table. 131 secs passed
[bsmap] @Fri Jul 19 15:17:10 2019 	Single-end alignment(4 threads),
	Input read file: test_data/TKO2PE2b1_R1.fastq.gz 	(format: gzipped FASTQ)
	Output file: outdir/bsmap/reference/single/TKO2PE2b1_R1.bam	 (format: SAM, automatically convert to BAM)
[samopen] SAM header is present: 455 sequences.
[bsmap] @Fri Jul 19 15:17:29 2019 	total reads: 100000 	total time:  150 secs
	aligned reads: 39047 (39.0%), unique reads: 39047 (39.0%), suppressed non-unique reads: 14920 (14.9%)
Sorting BAM ...
Indexing BAM ...
