[bsmap] @Fri Jul 19 15:12:03 2019 	loading reference file: /data/jin/resource/genome/fasta/hg38/hg38.fa.gz 	(format: gzipped FASTA)
[bsmap] @Fri Jul 19 15:12:35 2019 	455 reference seqs loaded, total size 3209286105 bp. 32 secs passed
[bsmap] @Fri Jul 19 15:14:16 2019 	create seed table. 133 secs passed
[bsmap] @Fri Jul 19 15:14:16 2019 	Single-end alignment(4 threads),
	Input read file: test_data/TKO2PE1b2_R1.fastq.gz 	(format: gzipped FASTQ)
	Output file: outdir/bsmap/reference/TKO2PE1b2.bam	 (format: SAM, automatically convert to BAM)
[samopen] SAM header is present: 455 sequences.
[bsmap] @Fri Jul 19 15:14:58 2019 	total reads: 100000 	total time:  175 secs
	aligned reads: 33162 (33.2%), unique reads: 33162 (33.2%), suppressed non-unique reads: 5855 (5.9%)
Sorting BAM ...
Indexing BAM ...
