[bsmap] @Fri Jul 19 15:20:14 2019 	loading reference file: /data/jin/resource/genome/fasta/hg38/hg38.fa.gz 	(format: gzipped FASTA)
[bsmap] @Fri Jul 19 15:20:47 2019 	455 reference seqs loaded, total size 3209286105 bp. 33 secs passed
[bsmap] @Fri Jul 19 15:22:33 2019 	create seed table. 139 secs passed
[bsmap] @Fri Jul 19 15:22:33 2019 	Single-end alignment(4 threads),
	Input read file: test_data/WTPE1b2_R1.fastq.gz 	(format: gzipped FASTQ)
	Output file: outdir/bsmap/reference/WTPE1b2.bam	 (format: SAM, automatically convert to BAM)
[samopen] SAM header is present: 455 sequences.
[bsmap] @Fri Jul 19 15:23:10 2019 	total reads: 100000 	total time:  176 secs
	aligned reads: 45758 (45.8%), unique reads: 45758 (45.8%), suppressed non-unique reads: 6384 (6.4%)
Sorting BAM ...
Indexing BAM ...
