[bsmap] @Fri Jul 19 15:26:10 2019 	loading reference file: /data/jin/resource/genome/fasta/mm10/mm10.fa.gz 	(format: gzipped FASTA)
[bsmap] @Fri Jul 19 15:26:39 2019 	66 reference seqs loaded, total size 2730871774 bp. 29 secs passed
[bsmap] @Fri Jul 19 15:28:08 2019 	create seed table. 118 secs passed
[bsmap] @Fri Jul 19 15:28:08 2019 	Single-end alignment(4 threads),
	Input read file: test_data/TKO2PE1b2_R1.fastq.gz 	(format: gzipped FASTQ)
	Output file: outdir/bsmap/spikein/TKO2PE1b2.bam	 (format: SAM, automatically convert to BAM)
[samopen] SAM header is present: 66 sequences.
[bsmap] @Fri Jul 19 15:28:32 2019 	total reads: 100000 	total time:  142 secs
	aligned reads: 20565 (20.6%), unique reads: 20565 (20.6%), suppressed non-unique reads: 2692 (2.7%)
Sorting BAM ...
Indexing BAM ...
