[bsmap] @Fri Jul 19 15:35:35 2019 	loading reference file: /data/jin/resource/genome/fasta/mm10/mm10.fa.gz 	(format: gzipped FASTA)
[bsmap] @Fri Jul 19 15:36:03 2019 	66 reference seqs loaded, total size 2730871774 bp. 28 secs passed
[bsmap] @Fri Jul 19 15:37:35 2019 	create seed table. 120 secs passed
[bsmap] @Fri Jul 19 15:37:35 2019 	Single-end alignment(4 threads),
	Input read file: test_data/WTPE2b2_R1.fastq.gz 	(format: gzipped FASTQ)
	Output file: outdir/bsmap/spikein/WTPE2b2.bam	 (format: SAM, automatically convert to BAM)
[samopen] SAM header is present: 66 sequences.
[bsmap] @Fri Jul 19 15:38:00 2019 	total reads: 100000 	total time:  145 secs
	aligned reads: 9438 (9.4%), unique reads: 9438 (9.4%), suppressed non-unique reads: 1442 (1.4%)
Sorting BAM ...
Indexing BAM ...
