[bsmap] @Fri Jul 19 15:33:09 2019 	loading reference file: /data/jin/resource/genome/fasta/mm10/mm10.fa.gz 	(format: gzipped FASTA)
[bsmap] @Fri Jul 19 15:33:38 2019 	66 reference seqs loaded, total size 2730871774 bp. 29 secs passed
[bsmap] @Fri Jul 19 15:35:09 2019 	create seed table. 120 secs passed
[bsmap] @Fri Jul 19 15:35:09 2019 	Single-end alignment(4 threads),
	Input read file: test_data/WTPE1b2_R1.fastq.gz 	(format: gzipped FASTQ)
	Output file: outdir/bsmap/spikein/WTPE1b2.bam	 (format: SAM, automatically convert to BAM)
[samopen] SAM header is present: 66 sequences.
[bsmap] @Fri Jul 19 15:35:34 2019 	total reads: 100000 	total time:  145 secs
	aligned reads: 6602 (6.6%), unique reads: 6602 (6.6%), suppressed non-unique reads: 928 (0.9%)
Sorting BAM ...
Indexing BAM ...
