[bsmap] @Fri Jul 19 15:30:50 2019 	loading reference file: /data/jin/resource/genome/fasta/mm10/mm10.fa.gz 	(format: gzipped FASTA)
[bsmap] @Fri Jul 19 15:31:19 2019 	66 reference seqs loaded, total size 2730871774 bp. 29 secs passed
[bsmap] @Fri Jul 19 15:32:47 2019 	create seed table. 117 secs passed
[bsmap] @Fri Jul 19 15:32:47 2019 	Single-end alignment(4 threads),
	Input read file: test_data/TKO2PE2b1_R2.fastq.gz 	(format: gzipped FASTQ)
	Output file: outdir/bsmap/spikein/single/TKO2PE2b1_R2.bam	 (format: SAM, automatically convert to BAM)
[samopen] SAM header is present: 66 sequences.
[bsmap] @Fri Jul 19 15:33:08 2019 	total reads: 100000 	total time:  138 secs
	aligned reads: 18920 (18.9%), unique reads: 18920 (18.9%), suppressed non-unique reads: 6990 (7.0%)
Sorting BAM ...
Indexing BAM ...
